Script started on Sun 22 Nov 2020 09:54:07 AM EST
[zach@CentOS246 cis246lab2]$ pwd
/home/zach/repos/cis246lab2
[zach@CentOS246 cis246lab2]$ ls
lab2.txt  README.md
[zach@CentOS246 cis246lab2]$ cat README.md 
# CIS246 Attendance Lab 2 

Name: Zach Urrutia

Date: 11/17/2020
[zach@CentOS246 cis246lab2]$ mkf[Kdir archiv[Kve [K[K[K[K[K[K[K[K[K[K[K[K[K[Kcd ..
[zach@CentOS246 repos]$ cd ..
[zach@CentOS246 ~]$ mkdir archive
mkdir: cannot create directory ‚Äòarchive‚Äô: File exists
[zach@CentOS246 ~]$ ls
[0m[01;34marchive[0m  [01;34mbackup[0m  [01;34mrepos[0m
[zach@CentOS246 ~]$ cd archive/
[zach@CentOS246 archive]$ ls
[0m[01;31mlog.tar[0m
[zach@CentOS246 archive]$ r[Ksudo rm log.tar 
[sudo] password for zach: 
[zach@CentOS246 archive]$ ls
[zach@CentOS246 archive]$ cd ..
[zach@CentOS246 ~]$ pwd
/home/zach
[zach@CentOS246 ~]$ ls
[0m[01;34marchive[0m  [01;34mbackup[0m  [01;34mrepos[0m
[zach@CentOS246 ~]$ mkdir bar[Kckuip[K[Kp
mkdir: cannot create directory ‚Äòbackup‚Äô: File exists
[zach@CentOS246 ~]$ ls
[0m[01;34marchive[0m  [01;34mbackup[0m  [01;34mrepos[0m
[zach@CentOS246 ~]$ cd /var/log
[zach@CentOS246 log]$ pwd
/var/log
[zach@CentOS246 log]$ ls
[0m[01;34manaconda[0m           [01;34mchrony[0m         firewalld           maillog            [01;34msamba[0m             tallylog
[01;34maudit[0m              cron           grubby              maillog-20201117   secure            [01;34mtuned[0m
boot.log           cron-20201117  grubby_prune_debug  messages           secure-20201117   wtmp
boot.log-20201117  dmesg          lastlog             messages-20201117  spooler           yum.log
btmp               dmesg.old      [01;31mlog.tar[0m             [01;34mrhsm[0m               spooler-20201117
[zach@CentOS246 log]$ tar cvf![K ~/archive/[K/ [Klg[Kog.tar *.log
tar: boot.log: Cannot open: Permission denied
tar: yum.log: Cannot open: Permission denied
tar: Exiting with failure status due to previous errors
[zach@CentOS246 log]$ tar cvf ~/archive/log.tar *.log[1@s[1@u[1@d[1@o[1@ [C[C[C[C[C[C[C[C[C[C[C[C[C[C[C[C[C[C[C[C[C[C[C[C[C[C[C[C[C[C[C[1@z[1@a[1@c[1@h[C[C[C[C[C[C[C[C[C[C[C[C[C[C[C[C[C[C[C[C[C
[sudo] password for zach: 
boot.log
yum.log
[zach@CentOS246 log]$ ccd[K[Kd ~/AR[K[Karchive/
[zach@CentOS246 archive]$ ls
[0m[01;31mlog.tar[0m
[zach@CentOS246 archive]$ cat log.tar [K[K[K[K[K[K[K[K[K[K[K[Kls -l log.tar 
-rw-rw-r--. 1 zach zach 71680 Nov 22 10:09 [0m[01;31mlog.tar[0m
[zach@CentOS246 archive]$ c[Ktar[K[K[Kclear
[H[J[zach@CentOS246 archive]$ tar [K[K[K[Kman tar [K
TAR(1)                                    User Commands                                    TAR(1)[m
[m
[1mNAME[0m[m
       tar - manual page for tar 1.26[m
[m
[1mSYNOPSIS[0m[m
       [1mtar[0m [[4mOPTION[24m...] [[4mFILE[24m]...[m
[m
[1mDESCRIPTION[0m[m
       GNU  `tar'  saves  many files together into a single tape or disk archive, and can restore[m
       individual files from the archive.[m
[m
       Note that this manual page contains just very brief description (or more like  a  list  of[m
       possible functionality) originally generated by the [1mhelp2man[0m utility.  The full documenta‚Äê[m
       tion for [1mtar[0m is maintained as a Texinfo manual.  If the [1minfo[0m and [1mtar[0m programs are properly[m
       installed at your site, the command [1m`info[0m [1mtar'[0m should give you access to the complete man‚Äê[m
       ual.[m
[m
[1mEXAMPLES[0m[m
       tar [1m-cf[0m archive.tar foo bar[m
              # Create archive.tar from files foo and bar.[m
[m
       tar [1m-tvf[0m archive.tar[m
              # List all files in archive.tar verbosely.[m
[m
       tar [1m-xf[0m archive.tar[m
              # Extract all files from archive.tar.[m
[m
[1mDEFAULTS[0m[m
       *This* tar installation defaults to:[m
[m
       [1m--format[0m=[4mgnu[24m   [1m-f-[0m   [1m-b20[0m   [1m--quoting-style[0m=[4mescape[24m   [1m--rmt-command=[0m/sbin/rmt    [1m--rsh-com‚Äê[0m[m
       [1mmand=[0m/usr/bin/rsh[m
[m
[1mMain[0m [1moperation[0m [1mmode:[0m[m
       [1m-A[0m, [1m--catenate[0m, [1m--concatenate[0m[m
[7m Manual page tar(1) line 1 (press h for help or q to quit)[27m[K[K [KESCESC[K[[[KBB[K              append tar files to an archive[m
[7m Manual page tar(1) line 2 (press h for help or q to quit)[27m[K[K [KESCESC[K[[[KBB[K[m
[7m Manual page tar(1) line 5 (press h for help or q to quit)[27m[K[K [KESCESC[K[[[KBB[K       [1m-c[0m, [1m--create[0m[m
[7m Manual page tar(1) line 6 (press h for help or q to quit)[27m[K[K [KESCESC[K[[[KBB[K              create a new archive[m
[7m Manual page tar(1) line 7 (press h for help or q to quit)[27m[K[K [KESCESC[K[[[KBB[K[m
[7m Manual page tar(1) line 8 (press h for help or q to quit)[27m[K[K [KESCESC[K[[[KBB[K       [1m-d[0m, [1m--diff[0m, [1m--compare[0m[m
[7m Manual page tar(1) line 9 (press h for help or q to quit)[27m[K[K [KESCESC[K[[[KBB[K              find differences between archive and file system[m
[7m Manual page tar(1) line 10 (press h for help or q to quit)[27m[K[K [KESCESC[K[[[KBB[K[m
[7m Manual page tar(1) line 11 (press h for help or q to quit)[27m[K[K [KESCESC[K[[[KBB[K       [1m--delete[0m[m
[7m Manual page tar(1) line 12 (press h for help or q to quit)[27m[K[K [KESCESC[K[[[KBB[K              delete from the archive (not on mag tapes!)[m
[7m Manual page tar(1) line 13 (press h for help or q to quit)[27m[K[K [KESCESC[K[[[KBB[K[m
[7m Manual page tar(1) line 14 (press h for help or q to quit)[27m[K[K [KESCESC[K[[[KBB[K       [1m-r[0m, [1m--append[0m[m
[7m Manual page tar(1) line 15 (press h for help or q to quit)[27m[K[K [KESCESC[K[[[KBB[K              append files to the end of an archive[m
[7m Manual page tar(1) line 16 (press h for help or q to quit)[27m[K[K [KESCESC[K[[[KBB[K[m
[7m Manual page tar(1) line 17 (press h for help or q to quit)[27m[K[K [KESCESC[K[[[KBB[K       [1m-t[0m, [1m--list[0m[m
[7m Manual page tar(1) line 18 (press h for help or q to quit)[27m[K[K [KESCESC[K[[[KBB[K              list the contents of an archive[m
[7m Manual page tar(1) line 19 (press h for help or q to quit)[27m[K[K [KESCESC[K[[[KBB[K[m
[7m Manual page tar(1) line 20 (press h for help or q to quit)[27m[K[K [KESCESC[K[[[KBB[K       [1m--test-label[0m[m
[7m Manual page tar(1) line 21 (press h for help or q to quit)[27m[K[K [KESCESC[K[[[KBB[K              test the archive volume label and exit[m
[7m Manual page tar(1) line 22 (press h for help or q to quit)[27m[K[K [KESCESC[K[[[KBB[K[m
[7m Manual page tar(1) line 23 (press h for help or q to quit)[27m[K[K [KESCESC[K[[[KBB[K       [1m-u[0m, [1m--update[0m[m
[7m Manual page tar(1) line 24 (press h for help or q to quit)[27m[K[K [KESCESC[K[[[KBB[K              only append files newer than copy in archive[m
[7m Manual page tar(1) line 25 (press h for help or q to quit)[27m[K[K [KESCESC[K[[[KBB[K[m
[7m Manual page tar(1) line 26 (press h for help or q to quit)[27m[K[K [KESCESC[K[[[KBB[K       [1m-x[0m, [1m--extract[0m, [1m--get[0m[m
[7m Manual page tar(1) line 27 (press h for help or q to quit)[27m[K[K [KESCESC[K[[[KBB[K              extract files from an archive[m
[7m Manual page tar(1) line 28 (press h for help or q to quit)[27m[K[K [KESCESC[K[[[KBB[K[m
[7m Manual page tar(1) line 29 (press h for help or q to quit)[27m[K[K [KESCESC[K[[[KBB[K[1mCommon[0m [1moptions:[0m[m
[7m Manual page tar(1) line 30 (press h for help or q to quit)[27m[K[K [KESCESC[K[[[KBB[K       [1m-C[0m, [1m--directory=DIR[0m[m
[7m Manual page tar(1) line 31 (press h for help or q to quit)[27m[K[K [KESCESC[K[[[KBB[K              change to directory DIR[m
[7m Manual page tar(1) line 32 (press h for help or q to quit)[27m[K[K [KESCESC[K[[[KBB[K[m
[7m Manual page tar(1) line 33 (press h for help or q to quit)[27m[K[K [KESCESC[K[[[KBB[K       [1m-f[0m, [1m--file=ARCHIVE[0m[m
[7m Manual page tar(1) line 34 (press h for help or q to quit)[27m[K[K [KESCESC[K[[[KBB[K              use archive file or device ARCHIVE[m
[7m Manual page tar(1) line 35 (press h for help or q to quit)[27m[K[K [KESCESC[K[[[KBB[K[m
[7m Manual page tar(1) line 36 (press h for help or q to quit)[27m[K[K [KESCESC[K[[[KBB[K       [1m-j[0m, [1m--bzip2[0m[m
[7m Manual page tar(1) line 37 (press h for help or q to quit)[27m[K[K [KESCESC[K[[[KBB[K              filter the archive through bzip2[m
[7m Manual page tar(1) line 38 (press h for help or q to quit)[27m[K[K [KESCESC[K[[[KBB[K[m
[7m Manual page tar(1) line 39 (press h for help or q to quit)[27m[K[K [KESCESC[K[[[KBB[K        [1m-J[0m, [1m--xz[0m[m
[7m Manual page tar(1) line 40 (press h for help or q to quit)[27m[K[K [KESCESC[K[[[KBB[K              filter the archive through xz[m
[7m Manual page tar(1) line 41 (press h for help or q to quit)[27m[K[K [KESCESC[K[[[KBB[K[m
[7m Manual page tar(1) line 42 (press h for help or q to quit)[27m[K[K [KESCESC[K[[[KBB[K       [1m-p[0m, [1m--preserve-permissions[0m[m
[7m Manual page tar(1) line 43 (press h for help or q to quit)[27m[K[K [KESCESC[K[[[KBB[K              extract  information  about  file permissions (default for superuser)[m
[7m Manual page tar(1) line 44 (press h for help or q to quit)[27m[K[K [KESCESC[K[[[KBB[K[m
[7m Manual page tar(1) line 45 (press h for help or q to quit)[27m[K[K [KESCESC[K[[[KBB[K       [1m-v[0m, [1m--verbose[0m[m
[7m Manual page tar(1) line 46 (press h for help or q to quit)[27m[K[K [KESCESC[K[[[KBB[K              verbosely list files processed[m
[7m Manual page tar(1) line 47 (press h for help or q to quit)[27m[K[K [KESCESC[K[[[KBB[K[m
[7m Manual page tar(1) line 48 (press h for help or q to quit)[27m[K[K [KESCESC[K[[[KBB[K       [1m-z[0m, [1m--gzip[0m[m
[7m Manual page tar(1) line 49 (press h for help or q to quit)[27m[K[K [KESCESC[K[[[KBB[K              filter the archive through gzip[m
[7m Manual page tar(1) line 50 (press h for help or q to quit)[27m[K[K [KESCESC[K[[[KBB[K[m
[7m Manual page tar(1) line 51 (press h for help or q to quit)[27m[K[K [KESCESC[K[[[KBB[K[1mOperation[0m [1mmodifiers:[0m[m
[7m Manual page tar(1) line 52 (press h for help or q to quit)[27m[K[K [KESCESC[K[[[KBB[K       [1m--check-device[0m[m
[7m Manual page tar(1) line 53 (press h for help or q to quit)[27m[K[K [KESCESC[K[[[KBB[K              check device numbers when creating incremental archives (default)[m
[7m Manual page tar(1) line 54 (press h for help or q to quit)[27m[K[K [KESCESC[K[[[KBB[K[m
[7m Manual page tar(1) line 55 (press h for help or q to quit)[27m[K[K [KESCESC[K[[[KBB[K       [1m-g[0m, [1m--listed-incremental[0m=[4mFILE[24m[m
[7m Manual page tar(1) line 56 (press h for help or q to quit)[27m[K[K [KESCESC[K[[[KBB[K              handle new GNU-format incremental backup[m
[7m Manual page tar(1) line 57 (press h for help or q to quit)[27m[K[K [KESCESC[K[[[KBB[K[m
[7m Manual page tar(1) line 58 (press h for help or q to quit)[27m[K[K [KESCESC[K[[[KBB[K       [1m-G[0m, [1m--incremental[0m[m
[7m Manual page tar(1) line 59 (press h for help or q to quit)[27m[K[K [KESCESC[K[[[KBB[K              handle old GNU-format incremental backup[m
[7m Manual page tar(1) line 60 (press h for help or q to quit)[27m[K[K [KESCESC[K[[[KBB[K[m
[7m Manual page tar(1) line 61 (press h for help or q to quit)[27m[K[K [KESCESC[K[[[KBB[K       [1m--ignore-failed-read[0m[m
[7m Manual page tar(1) line 62 (press h for help or q to quit)[27m[K[K [KESCESC[K[[[KBB[K              do not exit with nonzero on unreadable files[m
[7m Manual page tar(1) line 63 (press h for help or q to quit)[27m[K[K [KESCESC[K[[[KBB[K[m
[7m Manual page tar(1) line 64 (press h for help or q to quit)[27m[K[K [KESCESC[K[[[KBB[K       [1m--level[0m=[4mNUMBER[24m[m
[7m Manual page tar(1) line 65 (press h for help or q to quit)[27m[K[K [KESCESC[K[[[KBB[K              dump level for created listed-incremental archive[m
[7m Manual page tar(1) line 66 (press h for help or q to quit)[27m[K[K [KESCESC[K[[[KBB[K[m
[7m Manual page tar(1) line 67 (press h for help or q to quit)[27m[K[K [KESCESC[K[[[KBB[K       [1m-n[0m, [1m--seek[0m[m
[7m Manual page tar(1) line 68 (press h for help or q to quit)[27m[K[K [KESCESC[K[[[KBB[K              archive is seekable[m
[7m Manual page tar(1) line 69 (press h for help or q to quit)[27m[K[K [KESCESC[K[[[KBB[K[m
[7m Manual page tar(1) line 70 (press h for help or q to quit)[27m[K[K [KESCESC[K[[[KBB[K       [1m--no-check-device[0m[m
[7m Manual page tar(1) line 71 (press h for help or q to quit)[27m[K[K [KESCESC[K[[[KBB[K              do not check device numbers when creating incremental archives[m
[7m Manual page tar(1) line 72 (press h for help or q to quit)[27m[K[K [KESCESC[K[[[KBB[K[m
[7m Manual page tar(1) line 73 (press h for help or q to quit)[27m[K[K [KESCESC[K[[[KBB[K       [1m--no-seek[0m[m
[7m Manual page tar(1) line 74 (press h for help or q to quit)[27m[K[K [KESCESC[K[[[KBB[K              archive is not seekable[m
[7m Manual page tar(1) line 75 (press h for help or q to quit)[27m[K[K [KESCESC[K[[[KBB[K[m
[7m Manual page tar(1) line 76 (press h for help or q to quit)[27m[K[K [KESCESC[K[[[KBB[K       [1m--occurrence[0m[=[4mNUMBER[24m][m
[7m Manual page tar(1) line 77 (press h for help or q to quit)[27m[K[K [KESCESC[K[[[KBB[K              process  only  the  NUMBERth occurrence of each file in the archive; this option is[m
[7m Manual page tar(1) line 78 (press h for help or q to quit)[27m[K[K [KESCESC[K[[[KBB[K              valid only in conjunction with one of the subcommands [1m--delete[0m,  [1m--diff[0m,  [1m--extract[0m[m
[7m Manual page tar(1) line 79 (press h for help or q to quit)[27m[K[K [KESCESC[K[[[KBB[K              or  [1m--list[0m  and when a list of files is given either on the command line or via the[m
[7m Manual page tar(1) line 80 (press h for help or q to quit)[27m[K[K [KESCESC[K[[[KBB[K              [1m-T[0m option; NUMBER defaults to 1[m
[7m Manual page tar(1) line 81 (press h for help or q to quit)[27m[K[K [KESCESC[K[[[KBB[K[m
[7m Manual page tar(1) line 82 (press h for help or q to quit)[27m[K[K [KESCESC[K[[[KBB[K       [1m--sparse-version[0m=[4mMAJOR[[24m.MINOR][m
[7m Manual page tar(1) line 83 (press h for help or q to quit)[27m[K[K [KESCESC[K[[[KBB[K              set version of the sparse format to use (implies [1m--sparse[0m)[m
[7m Manual page tar(1) line 84 (press h for help or q to quit)[27m[K[K [KESCESC[K[[[KBB[K[m
[7m Manual page tar(1) line 85 (press h for help or q to quit)[27m[K[K [KESCESC[K[[[KBB[K       [1m-S[0m, [1m--sparse[0m[m
[7m Manual page tar(1) line 86 (press h for help or q to quit)[27m[K[K [KESCESC[K[[[KBB[K              handle sparse files efficiently[m
[7m Manual page tar(1) line 88 (press h for help or q to quit)[27m[K[K [KESCESC[K[[[KBB[K[m
[7m Manual page tar(1) line 89 (press h for help or q to quit)[27m[K[K [KESCESC[K[[[KBB[K[1mOverwrite[0m [1mcontrol:[0m[m
[7m Manual page tar(1) line 90 (press h for help or q to quit)[27m[K[K [KESCESC[K[[[KBB[K       [1m-k[0m, [1m--keep-old-files[0m[m
[7m Manual page tar(1) line 91 (press h for help or q to quit)[27m[K[K [KESCESC[K[[[KBB[K              don't replace existing files when extracting, treat them as errors[m
[7m Manual page tar(1) line 92 (press h for help or q to quit)[27m[K[K [KESCESC[K[[[KBB[K[m
[7m Manual page tar(1) line 93 (press h for help or q to quit)[27m[K[K [KESCESC[K[[[KBB[K       [1m--keep-newer-files[0m[m
[7m Manual page tar(1) line 94 (press h for help or q to quit)[27m[K[K [KESCESC[K[[[KBB[K              don't replace existing files that are newer than their archive copies[m
[7m Manual page tar(1) line 95 (press h for help or q to quit)[27m[K[K [KESCESC[K[[[KBB[K[m
[7m Manual page tar(1) line 96 (press h for help or q to quit)[27m[K[K [KESCESC[K[[[KBB[K       [1m--keep-directory-symlink[0m[m
[7m Manual page tar(1) line 97 (press h for help or q to quit)[27m[K[K [KESCESC[K[[[KBB[K              Don't replace existing symlinks to directories when extracting.[m
[7m Manual page tar(1) line 98 (press h for help or q to quit)[27m[K[K [KESCESC[K[[[KBB[K[m
[7m Manual page tar(1) line 99 (press h for help or q to quit)[27m[K[K [KESCESC[K[[[KBB[K       [1m--no-overwrite-dir[0m[m
[7m Manual page tar(1) line 100 (press h for help or q to quit)[27m[K[K [KESCESC[K[[[KBB[K              preserve metadata of existing directories[m
[7m Manual page tar(1) line 101 (press h for help or q to quit)[27m[K[K [KESCESC[K[[[KBB[K[m
[7m Manual page tar(1) line 102 (press h for help or q to quit)[27m[K[K [KESCESC[K[[[KBB[K       [1m--overwrite[0m[m
[7m Manual page tar(1) line 103 (press h for help or q to quit)[27m[K[K [KESCESC[K[[[KBB[K              overwrite existing files when extracting[m
[7m Manual page tar(1) line 104 (press h for help or q to quit)[27m[K[K [KESCESC[K[[[KBB[K[m
[7m Manual page tar(1) line 105 (press h for help or q to quit)[27m[K[K [KESCESC[K[[[KBB[K       [1m--overwrite-dir[0m[m
[7m Manual page tar(1) line 106 (press h for help or q to quit)[27m[K[K [KESCESC[K[[[KBB[K              overwrite metadata of existing directories when extracting (default)[m
[7m Manual page tar(1) line 107 (press h for help or q to quit)[27m[K[K [KESCESC[K[[[KBB[K[m
[7m Manual page tar(1) line 108 (press h for help or q to quit)[27m[K[K [KESCESC[K[[[KBB[K       [1m--recursive-unlink[0m[m
[7m Manual page tar(1) line 109 (press h for help or q to quit)[27m[K[K [KESCESC[K[[[KBB[K              empty hierarchies prior to extracting directory[m
[7m Manual page tar(1) line 110 (press h for help or q to quit)[27m[K[K [KESCESC[K[[[KBB[K[m
[7m Manual page tar(1) line 111 (press h for help or q to quit)[27m[K[K [KESCESC[K[[[KBB[K       [1m--remove-files[0m[m
[7m Manual page tar(1) line 112 (press h for help or q to quit)[27m[K[K [KESCESC[K[[[KBB[K              remove files after adding them to the archive[m
[7m Manual page tar(1) line 113 (press h for help or q to quit)[27m[K[K [KESCESC[K[[[KAA[K[HM[m
[37;1H[K[7m Manual page tar(1) line 112 (press h for help or q to quit)[27m[K[K [KESCESC[K[[[KAA[K[HM              archive is not seekable[m
[37;1H[K[7m Manual page tar(1) line 111 (press h for help or q to quit)[27m[K[K [KESCESC[K[[[KAA[K[HM       [1m--no-seek[0m[m
[37;1H[K[7m Manual page tar(1) line 110 (press h for help or q to quit)[27m[K[K [KESCESC[K[[[KAA[K[HM[m
[37;1H[K[7m Manual page tar(1) line 109 (press h for help or q to quit)[27m[K[K [KESCESC[K[[[KAA[K[HM              do not check device numbers when creating incremental archives[m
[37;1H[K[7m Manual page tar(1) line 108 (press h for help or q to quit)[27m[K[K [KESCESC[K[[[KAA[K[HM       [1m--no-check-device[0m[m
[37;1H[K[7m Manual page tar(1) line 107 (press h for help or q to quit)[27m[K[K [KESCESC[K[[[KAA[K[HM[m
[37;1H[K[7m Manual page tar(1) line 106 (press h for help or q to quit)[27m[K[K [KESCESC[K[[[KAA[K[HM              archive is seekable[m
[37;1H[K[7m Manual page tar(1) line 105 (press h for help or q to quit)[27m[K[K [KESCESC[K[[[KAA[K[HM       [1m-n[0m, [1m--seek[0m[m
[37;1H[K[7m Manual page tar(1) line 104 (press h for help or q to quit)[27m[K[K [KESCESC[K[[[KAA[K[HM[m
[37;1H[K[7m Manual page tar(1) line 103 (press h for help or q to quit)[27m[K[K [KESCESC[K[[[KAA[K[HM              dump level for created listed-incremental archive[m
[37;1H[K[7m Manual page tar(1) line 102 (press h for help or q to quit)[27m[K[K [KESCESC[K[[[KAA[K[HM       [1m--level[0m=[4mNUMBER[24m[m
[37;1H[K[7m Manual page tar(1) line 101 (press h for help or q to quit)[27m[K[K [KESCESC[K[[[KAA[K[HM[m
[37;1H[K[7m Manual page tar(1) line 100 (press h for help or q to quit)[27m[K[K [KESCESC[K[[[KAA[K[HM              do not exit with nonzero on unreadable files[m
[37;1H[K[7m Manual page tar(1) line 99 (press h for help or q to quit)[27m[K[K [KESCESC[K[[[KAA[K[HM       [1m--ignore-failed-read[0m[m
[37;1H[K[7m Manual page tar(1) line 98 (press h for help or q to quit)[27m[K[K [KESCESC[K[[[KAA[K[HM[m
[37;1H[K[7m Manual page tar(1) line 97 (press h for help or q to quit)[27m[K[K [KESCESC[K[[[KAA[K[HM              handle old GNU-format incremental backup[m
[37;1H[K[7m Manual page tar(1) line 96 (press h for help or q to quit)[27m[K[K [KESCESC[K[[[KAA[K[HM       [1m-G[0m, [1m--incremental[0m[m
[37;1H[K[7m Manual page tar(1) line 95 (press h for help or q to quit)[27m[K[K [KESCESC[K[[[KAA[K[HM[m
[37;1H[K[7m Manual page tar(1) line 94 (press h for help or q to quit)[27m[K[K [KESCESC[K[[[KAA[K[HM              handle new GNU-format incremental backup[m
[37;1H[K[7m Manual page tar(1) line 93 (press h for help or q to quit)[27m[K[K [KESCESC[K[[[KAA[K[HM       [1m-g[0m, [1m--listed-incremental[0m=[4mFILE[24m[m
[37;1H[K[7m Manual page tar(1) line 92 (press h for help or q to quit)[27m[K[K [KESCESC[K[[[KAA[K[HM[m
[37;1H[K[7m Manual page tar(1) line 91 (press h for help or q to quit)[27m[K[K [KESCESC[K[[[KAA[K[HM              check device numbers when creating incremental archives (default)[m
[37;1H[K[7m Manual page tar(1) line 90 (press h for help or q to quit)[27m[K[K [KESCESC[K[[[KAA[K[HM       [1m--check-device[0m[m
[37;1H[K[7m Manual page tar(1) line 89 (press h for help or q to quit)[27m[K[K [KESCESC[K[[[KAA[K[HM[1mOperation[0m [1mmodifiers:[0m[m
[37;1H[K[7m Manual page tar(1) line 88 (press h for help or q to quit)[27m[K[K [KESCESC[K[[[KAA[K[HM[m
[37;1H[K[7m Manual page tar(1) line 87 (press h for help or q to quit)[27m[K[K [KESCESC[K[[[KAA[K[HM              filter the archive through gzip[m
[37;1H[K[7m Manual page tar(1) line 85 (press h for help or q to quit)[27m[K[K [KESCESC[K[[[KAA[K[HM       [1m-z[0m, [1m--gzip[0m[m
[37;1H[K[7m Manual page tar(1) line 84 (press h for help or q to quit)[27m[K[K [KESCESC[K[[[KAA[K[HM[m
[37;1H[K[7m Manual page tar(1) line 83 (press h for help or q to quit)[27m[K[K [KESCESC[K[[[KAA[K[HM              verbosely list files processed[m
[37;1H[K[7m Manual page tar(1) line 82 (press h for help or q to quit)[27m[K[K [KESCESC[K[[[KAA[K[HM       [1m-v[0m, [1m--verbose[0m[m
[37;1H[K[7m Manual page tar(1) line 81 (press h for help or q to quit)[27m[K[K [KESCESC[K[[[KAA[K[HM[m
[37;1H[K[7m Manual page tar(1) line 80 (press h for help or q to quit)[27m[K[K [KESCESC[K[[[KAA[K[HM              extract  information  about  file permissions (default for superuser)[m
[37;1H[K[7m Manual page tar(1) line 79 (press h for help or q to quit)[27m[K[K [KESCESC[K[[[KAA[K[HM       [1m-p[0m, [1m--preserve-permissions[0m[m
[37;1H[K[7m Manual page tar(1) line 78 (press h for help or q to quit)[27m[K[K [KESCESC[K[[[KAA[K[HM[m
[37;1H[K[7m Manual page tar(1) line 77 (press h for help or q to quit)[27m[K[K [KESCESC[K[[[KAA[K[HM              filter the archive through xz[m
[37;1H[K[7m Manual page tar(1) line 76 (press h for help or q to quit)[27m[K[K [KESCESC[K[[[KAA[K[HM        [1m-J[0m, [1m--xz[0m[m
[37;1H[K[7m Manual page tar(1) line 75 (press h for help or q to quit)[27m[K[K [KESCESC[K[[[KAA[K[HM[m
[37;1H[K[7m Manual page tar(1) line 74 (press h for help or q to quit)[27m[K[K [KESCESC[K[[[KAA[K[HM              filter the archive through bzip2[m
[37;1H[K[7m Manual page tar(1) line 73 (press h for help or q to quit)[27m[K[K [KESCESC[K[[[KAA[K[HM       [1m-j[0m, [1m--bzip2[0m[m
[37;1H[K[7m Manual page tar(1) line 72 (press h for help or q to quit)[27m[K[K [KESCESC[K[[[KAA[K[HM[m
[37;1H[K[7m Manual page tar(1) line 71 (press h for help or q to quit)[27m[K[K [KESCESC[K[[[KAA[K[HM              use archive file or device ARCHIVE[m
[37;1H[K[7m Manual page tar(1) line 70 (press h for help or q to quit)[27m[K[K [KESCESC[K[[[KAA[K[HM       [1m-f[0m, [1m--file=ARCHIVE[0m[m
[37;1H[K[7m Manual page tar(1) line 69 (press h for help or q to quit)[27m[K[K [KESCESC[K[[[KAA[K[HM[m
[37;1H[K[7m Manual page tar(1) line 68 (press h for help or q to quit)[27m[K[K [KESCESC[K[[[KAA[K[HM              change to directory DIR[m
[37;1H[K[7m Manual page tar(1) line 67 (press h for help or q to quit)[27m[K[K [KESCESC[K[[[KAA[K[HM       [1m-C[0m, [1m--directory=DIR[0m[m
[37;1H[K[7m Manual page tar(1) line 66 (press h for help or q to quit)[27m[K[K [KESCESC[K[[[KAA[K[HM[1mCommon[0m [1moptions:[0m[m
[37;1H[K[7m Manual page tar(1) line 65 (press h for help or q to quit)[27m[K[K [KESCESC[K[[[KAA[K[HM[m
[37;1H[K[7m Manual page tar(1) line 64 (press h for help or q to quit)[27m[K[K [KESCESC[K[[[KAA[K[HM              extract files from an archive[m
[37;1H[K[7m Manual page tar(1) line 63 (press h for help or q to quit)[27m[K[K [KESCESC[K[[[KAA[K[HM       [1m-x[0m, [1m--extract[0m, [1m--get[0m[m
[37;1H[K[7m Manual page tar(1) line 62 (press h for help or q to quit)[27m[K[K [KESCESC[K[[[KAA[K[HM[m
[37;1H[K[7m Manual page tar(1) line 61 (press h for help or q to quit)[27m[K[K [KESCESC[K[[[KAA[K[HM              only append files newer than copy in archive[m
[37;1H[K[7m Manual page tar(1) line 60 (press h for help or q to quit)[27m[K[K [KESCESC[K[[[KAA[K[HM       [1m-u[0m, [1m--update[0m[m
[37;1H[K[7m Manual page tar(1) line 59 (press h for help or q to quit)[27m[K[K [KESCESC[K[[[KAA[K[HM[m
[37;1H[K[7m Manual page tar(1) line 58 (press h for help or q to quit)[27m[K[K [KESCESC[K[[[KAA[K[HM              test the archive volume label and exit[m
[37;1H[K[7m Manual page tar(1) line 57 (press h for help or q to quit)[27m[K[K [KESCESC[K[[[KAA[K[HM       [1m--test-label[0m[m
[37;1H[K[7m Manual page tar(1) line 56 (press h for help or q to quit)[27m[K[K [KESCESC[K[[[KAA[K[HM[m
[37;1H[K[7m Manual page tar(1) line 55 (press h for help or q to quit)[27m[K[K [KESCESC[K[[[KAA[K[HM              list the contents of an archive[m
[37;1H[K[7m Manual page tar(1) line 54 (press h for help or q to quit)[27m[K[K [KESCESC[K[[[KAA[K[HM       [1m-t[0m, [1m--list[0m[m
[37;1H[K[7m Manual page tar(1) line 53 (press h for help or q to quit)[27m[K[K [KESCESC[K[[[KAA[K[HM[m
[37;1H[K[7m Manual page tar(1) line 52 (press h for help or q to quit)[27m[K[K [KESCESC[K[[[KAA[K[HM              append files to the end of an archive[m
[37;1H[K[7m Manual page tar(1) line 51 (press h for help or q to quit)[27m[K[K [KESCESC[K[[[KAA[K[HM       [1m-r[0m, [1m--append[0m[m
[37;1H[K[7m Manual page tar(1) line 50 (press h for help or q to quit)[27m[K[K [KESCESC[K[[[KAA[K[HM[m
[37;1H[K[7m Manual page tar(1) line 49 (press h for help or q to quit)[27m[K[K [KESCESC[K[[[KAA[K[HM              delete from the archive (not on mag tapes!)[m
[37;1H[K[7m Manual page tar(1) line 48 (press h for help or q to quit)[27m[K[K [KESCESC[K[[[KAA[K[HM       [1m--delete[0m[m
[37;1H[K[7m Manual page tar(1) line 47 (press h for help or q to quit)[27m[K[K [KESCESC[K[[[KAA[K[HM[m
[37;1H[K[7m Manual page tar(1) line 46 (press h for help or q to quit)[27m[K[K [KESCESC[K[[[KAA[K[HM              find differences between archive and file system[m
[37;1H[K[7m Manual page tar(1) line 45 (press h for help or q to quit)[27m[K[K [KESCESC[K[[[KAA[K[HM       [1m-d[0m, [1m--diff[0m, [1m--compare[0m[m
[37;1H[K[7m Manual page tar(1) line 44 (press h for help or q to quit)[27m[K[K [KESCESC[K[[[KAA[K[HM[m
[37;1H[K[7m Manual page tar(1) line 43 (press h for help or q to quit)[27m[K[K [KESCESC[K[[[KAA[K[HM              create a new archive[m
[37;1H[K[7m Manual page tar(1) line 42 (press h for help or q to quit)[27m[K[K [KESCESC[K[[[KAA[K[HM       [1m-c[0m, [1m--create[0m[m
[37;1H[K[7m Manual page tar(1) line 41 (press h for help or q to quit)[27m[K[K [KESCESC[K[[[KAA[K[HM[m
[37;1H[K[7m Manual page tar(1) line 40 (press h for help or q to quit)[27m[K[K [KESCESC[K[[[KAA[K[HM              append tar files to an archive[m
[37;1H[K[7m Manual page tar(1) line 39 (press h for help or q to quit)[27m[K[K [KESCESC[K[[[KAA[K[HM       [1m-A[0m, [1m--catenate[0m, [1m--concatenate[0m[m
[37;1H[K[7m Manual page tar(1) line 38 (press h for help or q to quit)[27m[K[K [KESCESC[K[[[KAA[K[HM[1mMain[0m [1moperation[0m [1mmode:[0m[m
[37;1H[K[7m Manual page tar(1) line 37 (press h for help or q to quit)[27m[K[K [KESCESC[K[[[KAA[K[HM[m
[37;1H[K[7m Manual page tar(1) line 36 (press h for help or q to quit)[27m[K[K [KESCESC[K[[[KAA[K[HM       [1mmand=[0m/usr/bin/rsh[m
[37;1H[K[7m Manual page tar(1) line 35 (press h for help or q to quit)[27m[K[K [KESCESC[K[[[KAA[K[HM       [1m--format[0m=[4mgnu[24m   [1m-f-[0m   [1m-b20[0m   [1m--quoting-style[0m=[4mescape[24m   [1m--rmt-command=[0m/sbin/rmt    [1m--rsh-com‚Äê[0m[m
[37;1H[K[7m Manual page tar(1) line 34 (press h for help or q to quit)[27m[K[K [KESCESC[K[[[KAA[K[HM[m
[37;1H[K[7m Manual page tar(1) line 33 (press h for help or q to quit)[27m[K[K [KESCESC[K[[[KAA[K[HM       *This* tar installation defaults to:[m
[37;1H[K[7m Manual page tar(1) line 32 (press h for help or q to quit)[27m[K[K [KESCESC[K[[[KAA[K[HM[1mDEFAULTS[0m[m
[37;1H[K[7m Manual page tar(1) line 31 (press h for help or q to quit)[27m[K[K [KESCESC[K[[[KAA[K[HM[m
[37;1H[K[7m Manual page tar(1) line 30 (press h for help or q to quit)[27m[K[K [KESCESC[K[[[KAA[K[HM              # Extract all files from archive.tar.[m
[37;1H[K[7m Manual page tar(1) line 29 (press h for help or q to quit)[27m[K[K [KESCESC[K[[[KAA[K[HM       tar [1m-xf[0m archive.tar[m
[37;1H[K[7m Manual page tar(1) line 28 (press h for help or q to quit)[27m[K[K [KESCESC[K[[[KAA[K[HM[m
[37;1H[K[7m Manual page tar(1) line 27 (press h for help or q to quit)[27m[K[K [KESCESC[K[[[KAA[K[HM              # List all files in archive.tar verbosely.[m
[37;1H[K[7m Manual page tar(1) line 26 (press h for help or q to quit)[27m[K[K [KESCESC[K[[[KAA[K[HM       tar [1m-tvf[0m archive.tar[m
[37;1H[K[7m Manual page tar(1) line 25 (press h for help or q to quit)[27m[K[K [KESCESC[K[[[KAA[K[HM[m
[37;1H[K[7m Manual page tar(1) line 24 (press h for help or q to quit)[27m[K[K [KESCESC[K[[[KAA[K[HM              # Create archive.tar from files foo and bar.[m
[37;1H[K[7m Manual page tar(1) line 23 (press h for help or q to quit)[27m[K[K [KESCESC[K[[[KAA[K[HM       tar [1m-cf[0m archive.tar foo bar[m
[37;1H[K[7m Manual page tar(1) line 22 (press h for help or q to quit)[27m[K[K [KESCESC[K[[[KAA[K[HM[1mEXAMPLES[0m[m
[37;1H[K[7m Manual page tar(1) line 21 (press h for help or q to quit)[27m[K[K [KESCESC[K[[[KAA[K[HM[m
[37;1H[K[7m Manual page tar(1) line 20 (press h for help or q to quit)[27m[K[K [KESCESC[K[[[KAA[K[HM       ual.[m
[37;1H[K[7m Manual page tar(1) line 19 (press h for help or q to quit)[27m[K[K [KESCESC[K[[[KAA[K[HM       installed at your site, the command [1m`info[0m [1mtar'[0m should give you access to the complete man‚Äê[m
[37;1H[K[7m Manual page tar(1) line 18 (press h for help or q to quit)[27m[K[K [KESCESC[K[[[KAA[K[HM       tion for [1mtar[0m is maintained as a Texinfo manual.  If the [1minfo[0m and [1mtar[0m programs are properly[m
[37;1H[K[7m Manual page tar(1) line 17 (press h for help or q to quit)[27m[K[K [KESCESC[K[[[KAA[K[HM       possible functionality) originally generated by the [1mhelp2man[0m utility.  The full documenta‚Äê[m
[37;1H[K[7m Manual page tar(1) line 16 (press h for help or q to quit)[27m[K[K [KESCESC[K[[[KAA[K[HM       Note that this manual page contains just very brief description (or more like  a  list  of[m
[37;1H[K[7m Manual page tar(1) line 15 (press h for help or q to quit)[27m[K[K [KESCESC[K[[[KAA[K[HM[m
[37;1H[K[7m Manual page tar(1) line 14 (press h for help or q to quit)[27m[K[K [KESCESC[K[[[KAA[K[HM       individual files from the archive.[m
[37;1H[K[7m Manual page tar(1) line 13 (press h for help or q to quit)[27m[K[K [KESCESC[K[[[KAA[K[HM       GNU  `tar'  saves  many files together into a single tape or disk archive, and can restore[m
[37;1H[K[7m Manual page tar(1) line 12 (press h for help or q to quit)[27m[K[K[zach@CentOS246 archive]$ clear
[H[J[zach@CentOS246 archive]$ tar -tvf log.tar 
-rw------- root/root     36183 2020-11-22 09:47 boot.log
-rw------- root/root     31694 2020-11-22 00:19 yum.log
[zach@CentOS246 archive]$ taat[K[Kr -tf log.tar 
boot.log
yum.log
[zach@CentOS246 archive]$ tA[Kart[K -xf[Kvf log.tar  ~/backup/[K[K[K[K[K[K[K[K[K[K[K ../backup/[K[K[K[K[K[K[K[K[K[K[K[K[K[K[K[K[K[K[K[Kf [K[K[K[K[K[K[K[K[Kcd ..
[zach@CentOS246 ~]$ cd backup/
[zach@CentOS246 backup]$ ls
[zach@CentOS246 backup]$ tar -t[K[Kxvf [K ![K~/archive/log.tar 
boot.log
yum.log
[zach@CentOS246 backup]$ ls -l 
total 68
-rw-------. 1 zach zach 36183 Nov 22 09:47 boot.log
-rw-------. 1 zach zach 31694 Nov 22 00:19 yum.log
[zach@CentOS246 backup]$ ls
boot.log  yum.log
[zach@CentOS246 backup]$ exit

Script done on Sun 22 Nov 2020 10:18:35 AM EST
