Script started on Sun 22 Nov 2020 09:54:07 AM EST
[zach@CentOS246 cis246lab2]$ pwd
/home/zach/repos/cis246lab2
[zach@CentOS246 cis246lab2]$ ls
lab2.txt  README.md
[zach@CentOS246 cis246lab2]$ cat README.md
# CIS246 Attendance Lab 2

Name: Zach Urrutia

Date: 11/17/2020
[zach@CentOS246 cis246lab2]$ cdd.. archive
[zach@CentOS246 repos]$ cd ..
[zach@CentOS246 ~]$ mkdir archive
mkdir: cannot create directory ‘archive’: File exists
[zach@CentOS246 ~]$ ls
archive	 backup	 repos
[zach@CentOS246 ~]$ cd archive/
[zach@CentOS246 archive]$ ls
log.tar
[zach@CentOS246 archive]$ sudo rm log.tar
[sudo] password for zach:
[zach@CentOS246 archive]$ ls
[zach@CentOS246 archive]$ cd ..
[zach@CentOS246 ~]$ pwd
/home/zach
[zach@CentOS246 ~]$ ls
archive	 backup	 repos
[zach@CentOS246 ~]$ mkdir backupp
mkdir: cannot create directory ‘backup’: File exists
[zach@CentOS246 ~]$ ls
archive	 backup	 repos
[zach@CentOS246 ~]$ cd /var/log
[zach@CentOS246 log]$ pwd
/var/log
[zach@CentOS246 log]$ ls
anaconda	   chrony	  firewalld	      maillog		 samba		   tallylog
audit		   cron		  grubby	      maillog-20201117	 secure		   tuned
boot.log	   cron-20201117  grubby_prune_debug  messages		 secure-20201117   wtmp
boot.log-20201117  dmesg	  lastlog	      messages-20201117	 spooler	   yum.log
btmp		   dmesg.old	  log.tar	      rhsm		 spooler-20201117
[zach@CentOS246 log]$ tar cvf!~/archive/log.tar *.log
tar: boot.log: Cannot open: Permission denied
tar: yum.log: Cannot open: Permission denied
tar: Exiting with failure status due to previous errors
[zach@CentOS246 log]$ tar cvf ~/archive/log.tar *.log
[sudo] password for zach:
boot.log
yum.log
[zach@CentOS246 log]$ cdd~/archive/
[zach@CentOS246 archive]$ ls
log.tar
[zach@CentOS246 archive]$ lst-lolog.tar
-rw-rw-r--. 1 zach zach 71680 Nov 22 10:09 log.tar
[zach@CentOS246 archive]$ clear
[zach@CentOS246 archive]$ man tar
TAR(1)					  User Commands					   TAR(1)

NAME
       tar - manual page for tar 1.26

SYNOPSIS
       tar [OPTION...] [FILE]...

DESCRIPTION
       GNU  `tar'  saves  many files together into a single tape or disk archive, and can restore
       individual files from the archive.

       Note that this manual page contains just very brief description (or more like  a	 list  of
       possible functionality) originally generated by the help2man utility.  The full documenta‐
       tion for tar is maintained as a Texinfo manual.	If the info and tar programs are properly
       installed at your site, the command `info tar' should give you access to the complete man‐
       ual.

EXAMPLES
       tar -cf archive.tar foo bar
	      # Create archive.tar from files foo and bar.

       tar -tvf archive.tar
	      # List all files in archive.tar verbosely.

       tar -xf archive.tar
	      # Extract all files from archive.tar.

DEFAULTS
       *This* tar installation defaults to:

       --format=gnu   -f-   -b20   --quoting-style=escape   --rmt-command=/sbin/rmt    --rsh-com‐
       mand=/usr/bin/rsh

Main operation mode:
       -A, --catenate, --concatenate
 ESC[Bl page tappendltar fileseto anfarchive or q to quit)
 ESC[Bl page tar(1) line 2 (press h for help or q to quit)
 ESC[Bl-c,g--create line 5 (press h for help or q to quit)
 ESC[Bl page tcreatelannew archiveh for help or q to quit)
 ESC[Bl page tar(1) line 7 (press h for help or q to quit)
 ESC[Bl-d,g--diff,)--comparepress h for help or q to quit)
 ESC[Bl page tfind)differencesebetweenrarchiverandtfileisystem
 ESC[Bl page tar(1) line 10 (press h for help or q to quit)
 ESC[Bl--deleter(1) line 11 (press h for help or q to quit)
 ESC[Bl page tdeletelfrom1theparchivef(noteon magqtapes!)t)
 ESC[Bl page tar(1) line 13 (press h for help or q to quit)
 ESC[Bl-r,g--append line 14 (press h for help or q to quit)
 ESC[Bl page tappendlfiles5topthesendfof anlarchiveto quit)
 ESC[Bl page tar(1) line 16 (press h for help or q to quit)
 ESC[Bl-t,g--list1) line 17 (press h for help or q to quit)
 ESC[Bl page tlist)thencontentseof anfarchive or q to quit)
 ESC[Bl page tar(1) line 19 (press h for help or q to quit)
 ESC[Bl--test-label line 20 (press h for help or q to quit)
 ESC[Bl page ttest)thenarchivervolumeflabellandrexito quit)
 ESC[Bl page tar(1) line 22 (press h for help or q to quit)
 ESC[Bl-u,g--update line 23 (press h for help or q to quit)
 ESC[Bl page tonly)append2filesenewerfthanecopyrin archive)
 ESC[Bl page tar(1) line 25 (press h for help or q to quit)
 ESC[Bl-x,g--extract,i--get (press h for help or q to quit)
 ESC[Bl page textractifiles fromsanharchivelp or q to quit)
 ESC[Bl page tar(1) line 28 (press h for help or q to quit)
Commonloptions:r(1) line 29 (press h for help or q to quit)
 ESC[Bl-C,g--directory=DIR0 (press h for help or q to quit)
 ESC[Bl page tchangeltoedirectorysDIRfor help or q to quit)
 ESC[Bl page tar(1) line 32 (press h for help or q to quit)
 ESC[Bl-f,g--file=ARCHIVE33 (press h for help or q to quit)
 ESC[Bl page tuse1archive3filerorsdevice ARCHIVE q to quit)
 ESC[Bl page tar(1) line 35 (press h for help or q to quit)
 ESC[Bl-j,g--bzip2) line 36 (press h for help or q to quit)
 ESC[Bl page tfilterlthe archivesthrough bzip2or q to quit)
 ESC[Bl page tar(1) line 38 (press h for help or q to quit)
 ESC[Bl -J,e--xz(1) line 39 (press h for help or q to quit)
 ESC[Bl page tfilterlthe archivesthrough xzlp or q to quit)
 ESC[Bl page tar(1) line 41 (press h for help or q to quit)
 ESC[Bl-p,g--preserve-permissionss h for help or q to quit)
 ESC[Bl page textractininformation habouthefilerpermissions (default for superuser)
 ESC[Bl page tar(1) line 44 (press h for help or q to quit)
 ESC[Bl-v,g--verboseline 45 (press h for help or q to quit)
 ESC[Bl page tverboselyelist(files processedp or q to quit)
 ESC[Bl page tar(1) line 47 (press h for help or q to quit)
 ESC[Bl-z,g--gzip1) line 48 (press h for help or q to quit)
 ESC[Bl page tfilterlthe archivesthrough gzip or q to quit)
 ESC[Bl page tar(1) line 50 (press h for help or q to quit)
Operationamodifiers:line 51 (press h for help or q to quit)
 ESC[Bl--check-deviceine 52 (press h for help or q to quit)
 ESC[Bl page tcheck device3numbers whenrcreating incremental archives (default)
 ESC[Bl page tar(1) line 54 (press h for help or q to quit)
 ESC[Bl-g,g--listed-incremental=FILE for help or q to quit)
 ESC[Bl page thandlelnew GNU-formathincrementalrbackupquit)
 ESC[Bl page tar(1) line 57 (press h for help or q to quit)
 ESC[Bl-G,g--incremental 58 (press h for help or q to quit)
 ESC[Bl page thandlelold GNU-formathincrementalrbackupquit)
 ESC[Bl page tar(1) line 60 (press h for help or q to quit)
 ESC[Bl--ignore-failed-read (press h for help or q to quit)
 ESC[Bl page tdo(notlexit6withrnonzerooonhunreadableofiles)
 ESC[Bl page tar(1) line 63 (press h for help or q to quit)
 ESC[Bl--level=NUMBERine 64 (press h for help or q to quit)
 ESC[Bl page tdump)level for(created listed-incrementaluarchive
 ESC[Bl page tar(1) line 66 (press h for help or q to quit)
 ESC[Bl-n,g--seek1) line 67 (press h for help or q to quit)
 ESC[Bl page tarchiveiis seekables h for help or q to quit)
 ESC[Bl page tar(1) line 69 (press h for help or q to quit)
 ESC[Bl--no-check-device 70 (press h for help or q to quit)
 ESC[Bl page tdo(notlcheck1devicesnumbershwhenocreatinguincremental archives
 ESC[Bl page tar(1) line 72 (press h for help or q to quit)
 ESC[Bl--no-seek(1) line 73 (press h for help or q to quit)
 ESC[Bl page tarchiveiis not(seekablefor help or q to quit)
 ESC[Bl page tar(1) line 75 (press h for help or q to quit)
 ESC[Bl--occurrence[=NUMBER](press h for help or q to quit)
 ESC[Bl page tprocessinonly (thessNUMBERtheoccurrence ofieach file in the archive; this option is
 ESC[Bl page tvalid only in conjunctionrwithpone ofttheusubcommands --delete,  --diff,	--extract
 ESC[Bl page tor(1--list 7andpwhen a listhofpfiles is given either on the command line or via the
 ESC[Bl page t-T(option; NUMBERedefaults tol1 or q to quit)
 ESC[Bl page tar(1) line 81 (press h for help or q to quit)
 ESC[Bl--sparse-version=MAJOR[.MINOR]for help or q to quit)
 ESC[Bl page tset1version8of(thessparserformatotoquse (implies --sparse)
 ESC[Bl page tar(1) line 84 (press h for help or q to quit)
 ESC[Bl-S,g--sparse line 85 (press h for help or q to quit)
 ESC[Bl page thandlelsparse filessefficiently or q to quit)
 ESC[Bl page tar(1) line 88 (press h for help or q to quit)
Overwriteacontrol:) line 89 (press h for help or q to quit)
 ESC[Bl-k,g--keep-old-files (press h for help or q to quit)
 ESC[Bl page tdon't replace existing filesewhenrextracting, treat them as errors
 ESC[Bl page tar(1) line 92 (press h for help or q to quit)
 ESC[Bl--keep-newer-files93 (press h for help or q to quit)
 ESC[Bl page tdon't replace existing filesethatraretnewertthan their archive copies
 ESC[Bl page tar(1) line 95 (press h for help or q to quit)
 ESC[Bl--keep-directory-symlinkess h for help or q to quit)
 ESC[Bl page tDon't replace existing symlinks to directories when extracting.
 ESC[Bl page tar(1) line 98 (press h for help or q to quit)
 ESC[Bl--no-overwrite-dir99 (press h for help or q to quit)
 ESC[Bl page tpreservenmetadatarofsexistingedirectoriesquit)
 ESC[Bl page tar(1) line 101 (press h for help or q to quit)
 ESC[Bl--overwrite) line 102 (press h for help or q to quit)
 ESC[Bl page toverwriteeexistingefilesfwheneextracting quit)
 ESC[Bl page tar(1) line 104 (press h for help or q to quit)
 ESC[Bl--overwrite-dirne 105 (press h for help or q to quit)
 ESC[Bl page toverwriteemetadataeof existingldirectoriesuwhen extracting (default)
 ESC[Bl page tar(1) line 107 (press h for help or q to quit)
 ESC[Bl--recursive-unlink108 (press h for help or q to quit)
 ESC[Bl page tempty hierarchiesrprior torextracting directory
 ESC[Bl page tar(1) line 110 (press h for help or q to quit)
 ESC[Bl--remove-filesine 111 (press h for help or q to quit)
 ESC[Bl page tremovelfiles1aftereaddingothemltoothe archive)
 ESC[Al page tar(1) line 113 (press h for help or q to quit)
 ESC[Al page tarchiveiis not seekable for help or q to quit)
 ESC[Al--no-seek(1) line 111 (press h for help or q to quit)
 ESC[Al page tar(1) line 110 (press h for help or q to quit)
 ESC[Al page tdo(notlcheck0devicesnumbers when creatingqincremental archives
 ESC[Al--no-check-device 108 (press h for help or q to quit)
 ESC[Al page tar(1) line 107 (press h for help or q to quit)
 ESC[Al page tarchiveiis seekabless h for help or q to quit)
 ESC[Al-n,g--seek1) line 105 (press h for help or q to quit)
 ESC[Al page tar(1) line 104 (press h for help or q to quit)
 ESC[Al page tdump)level for createdhlisted-incrementalqarchive
 ESC[Al--level=NUMBERine 102 (press h for help or q to quit)
 ESC[Al page tar(1) line 101 (press h for help or q to quit)
 ESC[Al page tdo(notlexit1withpnonzerofon unreadabletfilest)
 ESC[Al--ignore-failed-read (press h for help or q to quit)
 ESC[Al page tar(1) line 98 (press h for help or q to quit)
 ESC[Al page thandlelold GNU-formathincrementalrbackupquit)
 ESC[Al-G,g--incremental 96 (press h for help or q to quit)
 ESC[Al page tar(1) line 95 (press h for help or q to quit)
 ESC[Al page thandlelnew GNU-formathincrementalrbackupquit)
 ESC[Al-g,g--listed-incremental=FILE for help or q to quit)
 ESC[Al page tar(1) line 92 (press h for help or q to quit)
 ESC[Al page tcheck device1numbers whenrcreating incremental archives (default)
 ESC[Al--check-deviceine 90 (press h for help or q to quit)
Operationamodifiers:line 89 (press h for help or q to quit)
 ESC[Al page tar(1) line 88 (press h for help or q to quit)
 ESC[Al page tfilterlthe archivesthrough gzip or q to quit)
 ESC[Al-z,g--gzip1) line 85 (press h for help or q to quit)
 ESC[Al page tar(1) line 84 (press h for help or q to quit)
 ESC[Al page tverboselyelist(files processedp or q to quit)
 ESC[Al-v,g--verboseline 82 (press h for help or q to quit)
 ESC[Al page tar(1) line 81 (press h for help or q to quit)
 ESC[Al page textractininformation habouthefilerpermissions (default for superuser)
 ESC[Al-p,g--preserve-permissionss h for help or q to quit)
 ESC[Al page tar(1) line 78 (press h for help or q to quit)
 ESC[Al page tfilterlthe archivesthrough xzlp or q to quit)
 ESC[Al -J,e--xz(1) line 76 (press h for help or q to quit)
 ESC[Al page tar(1) line 75 (press h for help or q to quit)
 ESC[Al page tfilterlthe archivesthrough bzip2or q to quit)
 ESC[Al-j,g--bzip2) line 73 (press h for help or q to quit)
 ESC[Al page tar(1) line 72 (press h for help or q to quit)
 ESC[Al page tuse1archive7filerorsdevice ARCHIVE q to quit)
 ESC[Al-f,g--file=ARCHIVE70 (press h for help or q to quit)
 ESC[Al page tar(1) line 69 (press h for help or q to quit)
 ESC[Al page tchangeltoedirectorysDIRfor help or q to quit)
 ESC[Al-C,g--directory=DIR7 (press h for help or q to quit)
Commonloptions:r(1) line 66 (press h for help or q to quit)
 ESC[Al page tar(1) line 65 (press h for help or q to quit)
 ESC[Al page textractifiles fromsanharchivelp or q to quit)
 ESC[Al-x,g--extract,i--get (press h for help or q to quit)
 ESC[Al page tar(1) line 62 (press h for help or q to quit)
 ESC[Al page tonly)append6filesenewerfthanecopyrin archive)
 ESC[Al-u,g--update line 60 (press h for help or q to quit)
 ESC[Al page tar(1) line 59 (press h for help or q to quit)
 ESC[Al page ttest)thenarchivervolumeflabellandrexito quit)
 ESC[Al--test-label line 57 (press h for help or q to quit)
 ESC[Al page tar(1) line 56 (press h for help or q to quit)
 ESC[Al page tlist)thencontentseof anfarchive or q to quit)
 ESC[Al-t,g--list1) line 54 (press h for help or q to quit)
 ESC[Al page tar(1) line 53 (press h for help or q to quit)
 ESC[Al page tappendlfiles2topthesendfof anlarchiveto quit)
 ESC[Al-r,g--append line 51 (press h for help or q to quit)
 ESC[Al page tar(1) line 50 (press h for help or q to quit)
 ESC[Al page tdeletelfrom4theparchivef(noteon magqtapes!)t)
 ESC[Al--deleter(1) line 48 (press h for help or q to quit)
 ESC[Al page tar(1) line 47 (press h for help or q to quit)
 ESC[Al page tfind)differencesrbetweenoarchiveoand fileusystem
 ESC[Al-d,g--diff,)--compare(press h for help or q to quit)
 ESC[Al page tar(1) line 44 (press h for help or q to quit)
 ESC[Al page tcreatelannew3archive h for help or q to quit)
 ESC[Al-c,g--create line 42 (press h for help or q to quit)
 ESC[Al page tar(1) line 41 (press h for help or q to quit)
 ESC[Al page tappendltar filesrtosan archivep or q to quit)
 ESC[Al-A,g--catenate,n--concatenate for help or q to quit)
Main[operationamode:line 38 (press h for help or q to quit)
 ESC[Al page tar(1) line 37 (press h for help or q to quit)
 ESC[Almand=/usr/bin/rsh 36 (press h for help or q to quit)
 ESC[Al--format=gnu li-f-35 -b20ss --quoting-style=escapet) --rmt-command=/sbin/rmt    --rsh-com‐
 ESC[Al page tar(1) line 34 (press h for help or q to quit)
 ESC[Al*This*ttar1installationrdefaultsrto:lp or q to quit)
DEFAULTSpage tar(1) line 32 (press h for help or q to quit)
 ESC[Al page tar(1) line 31 (press h for help or q to quit)
 ESC[Al page t#rExtracteall filessfromoarchive.tar.to quit)
 ESC[Altarg-xfaarchive.tar9 (press h for help or q to quit)
 ESC[Al page tar(1) line 28 (press h for help or q to quit)
 ESC[Al page t#rListlall filesrinsarchive.tar verbosely.it)
 ESC[Altarg-tvfrarchive.tar (press h for help or q to quit)
 ESC[Al page tar(1) line 25 (press h for help or q to quit)
 ESC[Al page t#rCreatenarchive.tar fromrfiles fooqand bar.)
 ESC[Altarg-cfaarchive.tar3foorbar h for help or q to quit)
EXAMPLESpage tar(1) line 22 (press h for help or q to quit)
 ESC[Al page tar(1) line 21 (press h for help or q to quit)
 ESC[Alual.e tar(1) line 20 (press h for help or q to quit)
 ESC[Alinstalled(at your site,rthe commande`info tar' should give you access to the complete man‐
 ESC[Altioneforrtar isnmaintainedsas aoTexinfoomanual.quIf)the info and tar programs are properly
 ESC[Alpossiblerfunctionality)roriginallyhgeneratedtbyqthe)help2man utility.  The full documenta‐
 ESC[AlNoteethat(thisimanual(pagescontainsejustrveryobrief)description (or more like  a	 list  of
 ESC[Al page tar(1) line 15 (press h for help or q to quit)
 ESC[Alindividual1filesefrom(thesarchive.help or q to quit)
 ESC[AlGNUge`tar'1)saves 1manyrfiles together into aosingle tape or disk archive, and can restore
[zach@CentOS246rarchive]$1clearess h for help or q to quit)
[zach@CentOS246 archive]$ tar -tvf log.tar
-rw------- root/root	 36183 2020-11-22 09:47 boot.log
-rw------- root/root	 31694 2020-11-22 00:19 yum.log
[zach@CentOS246 archive]$ tart-tf log.tar
boot.log
yum.log
[zach@CentOS246 archive]$ cdr..xvf log.tar ../backup/
[zach@CentOS246 ~]$ cd backup/
[zach@CentOS246 backup]$ ls
[zach@CentOS246 backup]$ tar xvf ~/archive/log.tar
boot.log
yum.log
[zach@CentOS246 backup]$ ls -l
total 68
-rw-------. 1 zach zach 36183 Nov 22 09:47 boot.log
-rw-------. 1 zach zach 31694 Nov 22 00:19 yum.log
[zach@CentOS246 backup]$ ls
boot.log  yum.log
[zach@CentOS246 backup]$ exit

Script done on Sun 22 Nov 2020 10:18:35 AM EST
